// Jest Snapshot v1, https://goo.gl/fbAQLP

exports[`should render Expense List Item with expenses 1`] = `
<div>
  <[object Object]
    to="/edit/01"
  >
    <h3>
      Delphini perfume
    </h3>
  </[object Object]>
  <p>
    1000
     - 
    0
  </p>
</div>
`;
